<html>
<body>
<pre>
<h1>礦ision Build Log</h1>
<h2>Tool Versions:</h2>
IDE-Version: μVision V5.20.0.0
Copyright (C) 2016 ARM Ltd and ARM Germany GmbH. All rights reserved.
License Information: MrWEI Administrator, NIT, LIC=NQQ8T-RHMZV-8F9IE-5NYGD-KJDCB-516EQ
 
Tool Versions:
Toolchain:       MDK-ARM Plus  Version: 5.20
Toolchain Path:  D:\Soft\KEIL5\ARM\ARMCC\Bin
C Compiler:      Armcc.exe V5.06 update 2 (build 183)
Assembler:       Armasm.exe V5.06 update 2 (build 183)
Linker/Locator:  ArmLink.exe V5.06 update 2 (build 183)
Library Manager: ArmAr.exe V5.06 update 2 (build 183)
Hex Converter:   FromElf.exe V5.06 update 2 (build 183)
CPU DLL:         SARMCM3.DLL V5.20
Dialog DLL:      DCM.DLL V1.13.7.0
Target DLL:      STLink\ST-LINKIII-KEIL_SWO.dll V2.0.18.0
Dialog DLL:      TCM.DLL V1.14.9.0
 
<h2>Project:</h2>
D:\Hardware\IOT\OneNET\麒麟板V2.0资料\OneNET_demo_code_kylin-master\OneNET_Demo_ESP8266_HTTP_HT\Project\onenetdemo.uvprojx
Project File Date:  05/06/2019

<h2>Output:</h2>
*** Using Compiler 'V5.06 update 2 (build 183)', folder: 'D:\Soft\KEIL5\ARM\ARMCC\Bin'
Rebuild target 'OneNET_Demo_ESP8266_HTTP_HT'
assembling startup_stm32f10x_hd.s...
compiling core_cm3.c...
compiling system_stm32f10x.c...
compiling main.c...
compiling stm32f10x_it.c...
compiling misc.c...
compiling stm32f10x_exti.c...
compiling stm32f10x_flash.c...
compiling stm32f10x_gpio.c...
compiling stm32f10x_i2c.c...
compiling stm32f10x_rcc.c...
compiling stm32f10x_usart.c...
compiling hal_i2c.c...
compiling usart1.c...
compiling sht20.c...
compiling HTTP_Demo.c...
compiling utils.c...
compiling usart2.c...
compiling esp8266.c...
linking...
Program Size: Code=11044 RO-data=1016 RW-data=52 ZI-data=2052  
"..\object\onenetdemo.axf" - 0 Error(s), 0 Warning(s).

<h2>Software Packages used:</h2>

Package Vendor: ARM
                http://www.keil.com/pack/ARM.CMSIS.4.5.0.pack
                ARM::CMSIS:CORE:4.3.0
                CMSIS (Cortex Microcontroller Software Interface Standard)
   * Component: CORE Version: 4.3.0

<h2>Collection of Component include folders:</h2>
  D:\Hardware\IOT\OneNET\麒麟板V2.0资料\OneNET_demo_code_kylin-master\OneNET_Demo_ESP8266_HTTP_HT\Project\RTE
  D:\Soft\KEIL5\ARM\PACK\ARM\CMSIS\4.5.0\CMSIS\Include
  D:\Soft\KEIL5\ARM\PACK\Keil\STM32F1xx_DFP\1.1.0\Device\Include

<h2>Collection of Component Files used:</h2>

   * Component: ARM::CMSIS:CORE:4.3.0
Build Time Elapsed:  00:00:06
</pre>
</body>
</html>
