Component: ARM Compiler 5.06 update 2 (build 183) Tool: armlink [4d35b7]

==============================================================================

Section Cross References

    system_stm32f10x.o(.text) refers to system_stm32f10x.o(.data) for SystemCoreClock
    startup_stm32f10x_hd.o(RESET) refers to startup_stm32f10x_hd.o(STACK) for __initial_sp
    startup_stm32f10x_hd.o(RESET) refers to startup_stm32f10x_hd.o(.text) for Reset_Handler
    startup_stm32f10x_hd.o(RESET) refers to stm32f10x_it.o(.text) for NMI_Handler
    startup_stm32f10x_hd.o(.text) refers to system_stm32f10x.o(.text) for SystemInit
    startup_stm32f10x_hd.o(.text) refers to entry.o(.ARM.Collect$$$$00000000) for __main
    main.o(.text) refers to usart1.o(.text) for USART1_Config
    main.o(.text) refers to usart2.o(.text) for USART2_Config
    main.o(.text) refers to hal_i2c.o(.text) for Hal_I2C_Init
    main.o(.text) refers to esp8266.o(.text) for ESP8266_Init
    main.o(.text) refers to printfa.o(i.__0printf) for __2printf
    main.o(.text) refers to printfa.o(i.__0sprintf) for __2sprintf
    main.o(.text) refers to http_demo.o(.text) for HTTP_PostPkt
    main.o(.text) refers to utils.o(.text) for mDelay
    main.o(.text) refers to usart2.o(.bss) for usart2_rcv_buf
    stm32f10x_it.o(.text) refers to usart2.o(.data) for usart2_rcv_len
    stm32f10x_it.o(.text) refers to usart2.o(.bss) for usart2_rcv_buf
    stm32f10x_gpio.o(.text) refers to stm32f10x_rcc.o(.text) for RCC_APB2PeriphResetCmd
    stm32f10x_i2c.o(.text) refers to stm32f10x_rcc.o(.text) for RCC_APB1PeriphResetCmd
    stm32f10x_rcc.o(.text) refers to stm32f10x_rcc.o(.data) for APBAHBPrescTable
    stm32f10x_usart.o(.text) refers to stm32f10x_rcc.o(.text) for RCC_APB2PeriphResetCmd
    hal_i2c.o(.text) refers to stm32f10x_rcc.o(.text) for RCC_APB1PeriphClockCmd
    hal_i2c.o(.text) refers to printfa.o(i.__0printf) for __2printf
    hal_i2c.o(.text) refers to stm32f10x_gpio.o(.text) for GPIO_Init
    hal_i2c.o(.text) refers to stm32f10x_i2c.o(.text) for I2C_DeInit
    hal_i2c.o(.text) refers to hal_i2c.o(.constdata) for __func__
    hal_i2c.o(.text) refers to hal_i2c.o(.conststring) for .conststring
    sht20.o(.text) refers to hal_i2c.o(.text) for Hal_I2C_ByteWrite
    sht20.o(.text) refers to ffltui.o(.text) for __aeabi_ui2f
    sht20.o(.text) refers to f2d.o(.text) for __aeabi_f2d
    sht20.o(.text) refers to dmul.o(.text) for __aeabi_dmul
    sht20.o(.text) refers to dadd.o(.text) for __aeabi_dsub
    sht20.o(.text) refers to d2f.o(.text) for __aeabi_d2f
    sht20.o(.text) refers to fflti.o(.text) for __aeabi_i2f
    sht20.o(.text) refers to stm32f10x_i2c.o(.text) for I2C_AcknowledgeConfig
    sht20.o(.text) refers to utils.o(.text) for mDelay
    sht20.o(.text) refers to printfa.o(i.__0printf) for __2printf
    sht20.o(.text) refers to ffixui.o(.text) for __aeabi_f2uiz
    sht20.o(.text) refers to sht20.o(.constdata) for __func__
    usart1.o(.text) refers to stm32f10x_rcc.o(.text) for RCC_APB2PeriphClockCmd
    usart1.o(.text) refers to stm32f10x_gpio.o(.text) for GPIO_Init
    usart1.o(.text) refers to stm32f10x_usart.o(.text) for USART_Init
    usart1.o(.text) refers to misc.o(.text) for NVIC_Init
    usart2.o(.text) refers to stm32f10x_rcc.o(.text) for RCC_APB2PeriphClockCmd
    usart2.o(.text) refers to stm32f10x_gpio.o(.text) for GPIO_Init
    usart2.o(.text) refers to stm32f10x_usart.o(.text) for USART_Init
    usart2.o(.text) refers to misc.o(.text) for NVIC_Init
    usart2.o(.text) refers to memseta.o(.text) for __aeabi_memclr
    usart2.o(.text) refers to strlen.o(.text) for strlen
    usart2.o(.text) refers to utils.o(.text) for mDelay
    usart2.o(.text) refers to printfa.o(i.__0printf) for __2printf
    usart2.o(.text) refers to strstr.o(.text) for strstr
    usart2.o(.text) refers to memcpya.o(.text) for __aeabi_memcpy
    usart2.o(.text) refers to usart2.o(.bss) for usart2_rcv_buf
    usart2.o(.text) refers to usart2.o(.data) for usart2_rcv_len
    usart2.o(.text) refers to usart2.o(.constdata) for __func__
    http_demo.o(.text) refers to memseta.o(.text) for __aeabi_memclr4
    http_demo.o(.text) refers to printfa.o(i.__0sprintf) for __2sprintf
    http_demo.o(.text) refers to strlen.o(.text) for strlen
    http_demo.o(.text) refers to strcat.o(.text) for strcat
    utils.o(.text) refers to printfa.o(i.__0printf) for __2printf
    utils.o(.text) refers to utils.o(.constdata) for aucCRCHi
    esp8266.o(.text) refers to usart2.o(.text) for SendCmd
    entry.o(.ARM.Collect$$$$00000000) refers (Special) to entry10a.o(.ARM.Collect$$$$0000000D) for __rt_final_cpp
    entry.o(.ARM.Collect$$$$00000000) refers (Special) to entry11a.o(.ARM.Collect$$$$0000000F) for __rt_final_exit
    entry.o(.ARM.Collect$$$$00000000) refers (Special) to entry7b.o(.ARM.Collect$$$$00000008) for _main_clock
    entry.o(.ARM.Collect$$$$00000000) refers (Special) to entry8b.o(.ARM.Collect$$$$0000000A) for _main_cpp_init
    entry.o(.ARM.Collect$$$$00000000) refers (Special) to entry9a.o(.ARM.Collect$$$$0000000B) for _main_init
    entry.o(.ARM.Collect$$$$00000000) refers (Special) to entry5.o(.ARM.Collect$$$$00000004) for _main_scatterload
    entry.o(.ARM.Collect$$$$00000000) refers (Special) to entry2.o(.ARM.Collect$$$$00000001) for _main_stk
    printfb.o(i.__0fprintf$bare) refers to printfb.o(i._printf_core) for _printf_core
    printfb.o(i.__0fprintf$bare) refers to usart1.o(.text) for fputc
    printfb.o(i.__0printf$bare) refers to printfb.o(i._printf_core) for _printf_core
    printfb.o(i.__0printf$bare) refers to usart1.o(.text) for fputc
    printfb.o(i.__0printf$bare) refers to stdout.o(.data) for __stdout
    printfb.o(i.__0snprintf$bare) refers to printfb.o(i._printf_core) for _printf_core
    printfb.o(i.__0snprintf$bare) refers to printfb.o(i._snputc) for _snputc
    printfb.o(i.__0sprintf$bare) refers to printfb.o(i._printf_core) for _printf_core
    printfb.o(i.__0sprintf$bare) refers to printfb.o(i._sputc) for _sputc
    printfb.o(i.__0vfprintf$bare) refers to printfb.o(i._printf_core) for _printf_core
    printfb.o(i.__0vfprintf$bare) refers to usart1.o(.text) for fputc
    printfb.o(i.__0vprintf$bare) refers to printfb.o(i._printf_core) for _printf_core
    printfb.o(i.__0vprintf$bare) refers to usart1.o(.text) for fputc
    printfb.o(i.__0vprintf$bare) refers to stdout.o(.data) for __stdout
    printfb.o(i.__0vsnprintf$bare) refers to printfb.o(i._printf_core) for _printf_core
    printfb.o(i.__0vsnprintf$bare) refers to printfb.o(i._snputc) for _snputc
    printfb.o(i.__0vsprintf$bare) refers to printfb.o(i._printf_core) for _printf_core
    printfb.o(i.__0vsprintf$bare) refers to printfb.o(i._sputc) for _sputc
    printf0.o(i.__0fprintf$0) refers to printf0.o(i._printf_core) for _printf_core
    printf0.o(i.__0fprintf$0) refers to usart1.o(.text) for fputc
    printf0.o(i.__0printf$0) refers to printf0.o(i._printf_core) for _printf_core
    printf0.o(i.__0printf$0) refers to usart1.o(.text) for fputc
    printf0.o(i.__0printf$0) refers to stdout.o(.data) for __stdout
    printf0.o(i.__0snprintf$0) refers to printf0.o(i._printf_core) for _printf_core
    printf0.o(i.__0snprintf$0) refers to printf0.o(i._snputc) for _snputc
    printf0.o(i.__0sprintf$0) refers to printf0.o(i._printf_core) for _printf_core
    printf0.o(i.__0sprintf$0) refers to printf0.o(i._sputc) for _sputc
    printf0.o(i.__0vfprintf$0) refers to printf0.o(i._printf_core) for _printf_core
    printf0.o(i.__0vfprintf$0) refers to usart1.o(.text) for fputc
    printf0.o(i.__0vprintf$0) refers to printf0.o(i._printf_core) for _printf_core
    printf0.o(i.__0vprintf$0) refers to usart1.o(.text) for fputc
    printf0.o(i.__0vprintf$0) refers to stdout.o(.data) for __stdout
    printf0.o(i.__0vsnprintf$0) refers to printf0.o(i._printf_core) for _printf_core
    printf0.o(i.__0vsnprintf$0) refers to printf0.o(i._snputc) for _snputc
    printf0.o(i.__0vsprintf$0) refers to printf0.o(i._printf_core) for _printf_core
    printf0.o(i.__0vsprintf$0) refers to printf0.o(i._sputc) for _sputc
    printf1.o(i.__0fprintf$1) refers to printf1.o(i._printf_core) for _printf_core
    printf1.o(i.__0fprintf$1) refers to usart1.o(.text) for fputc
    printf1.o(i.__0printf$1) refers to printf1.o(i._printf_core) for _printf_core
    printf1.o(i.__0printf$1) refers to usart1.o(.text) for fputc
    printf1.o(i.__0printf$1) refers to stdout.o(.data) for __stdout
    printf1.o(i.__0snprintf$1) refers to printf1.o(i._printf_core) for _printf_core
    printf1.o(i.__0snprintf$1) refers to printf1.o(i._snputc) for _snputc
    printf1.o(i.__0sprintf$1) refers to printf1.o(i._printf_core) for _printf_core
    printf1.o(i.__0sprintf$1) refers to printf1.o(i._sputc) for _sputc
    printf1.o(i.__0vfprintf$1) refers to printf1.o(i._printf_core) for _printf_core
    printf1.o(i.__0vfprintf$1) refers to usart1.o(.text) for fputc
    printf1.o(i.__0vprintf$1) refers to printf1.o(i._printf_core) for _printf_core
    printf1.o(i.__0vprintf$1) refers to usart1.o(.text) for fputc
    printf1.o(i.__0vprintf$1) refers to stdout.o(.data) for __stdout
    printf1.o(i.__0vsnprintf$1) refers to printf1.o(i._printf_core) for _printf_core
    printf1.o(i.__0vsnprintf$1) refers to printf1.o(i._snputc) for _snputc
    printf1.o(i.__0vsprintf$1) refers to printf1.o(i._printf_core) for _printf_core
    printf1.o(i.__0vsprintf$1) refers to printf1.o(i._sputc) for _sputc
    printf1.o(i._printf_core) refers to uidiv.o(.text) for __aeabi_uidivmod
    printf2.o(i.__0fprintf$2) refers to printf2.o(i._printf_core) for _printf_core
    printf2.o(i.__0fprintf$2) refers to usart1.o(.text) for fputc
    printf2.o(i.__0printf$2) refers to printf2.o(i._printf_core) for _printf_core
    printf2.o(i.__0printf$2) refers to usart1.o(.text) for fputc
    printf2.o(i.__0printf$2) refers to stdout.o(.data) for __stdout
    printf2.o(i.__0snprintf$2) refers to printf2.o(i._printf_core) for _printf_core
    printf2.o(i.__0snprintf$2) refers to printf2.o(i._snputc) for _snputc
    printf2.o(i.__0sprintf$2) refers to printf2.o(i._printf_core) for _printf_core
    printf2.o(i.__0sprintf$2) refers to printf2.o(i._sputc) for _sputc
    printf2.o(i.__0vfprintf$2) refers to printf2.o(i._printf_core) for _printf_core
    printf2.o(i.__0vfprintf$2) refers to usart1.o(.text) for fputc
    printf2.o(i.__0vprintf$2) refers to printf2.o(i._printf_core) for _printf_core
    printf2.o(i.__0vprintf$2) refers to usart1.o(.text) for fputc
    printf2.o(i.__0vprintf$2) refers to stdout.o(.data) for __stdout
    printf2.o(i.__0vsnprintf$2) refers to printf2.o(i._printf_core) for _printf_core
    printf2.o(i.__0vsnprintf$2) refers to printf2.o(i._snputc) for _snputc
    printf2.o(i.__0vsprintf$2) refers to printf2.o(i._printf_core) for _printf_core
    printf2.o(i.__0vsprintf$2) refers to printf2.o(i._sputc) for _sputc
    printf3.o(i.__0fprintf$3) refers to printf3.o(i._printf_core) for _printf_core
    printf3.o(i.__0fprintf$3) refers to usart1.o(.text) for fputc
    printf3.o(i.__0printf$3) refers to printf3.o(i._printf_core) for _printf_core
    printf3.o(i.__0printf$3) refers to usart1.o(.text) for fputc
    printf3.o(i.__0printf$3) refers to stdout.o(.data) for __stdout
    printf3.o(i.__0snprintf$3) refers to printf3.o(i._printf_core) for _printf_core
    printf3.o(i.__0snprintf$3) refers to printf3.o(i._snputc) for _snputc
    printf3.o(i.__0sprintf$3) refers to printf3.o(i._printf_core) for _printf_core
    printf3.o(i.__0sprintf$3) refers to printf3.o(i._sputc) for _sputc
    printf3.o(i.__0vfprintf$3) refers to printf3.o(i._printf_core) for _printf_core
    printf3.o(i.__0vfprintf$3) refers to usart1.o(.text) for fputc
    printf3.o(i.__0vprintf$3) refers to printf3.o(i._printf_core) for _printf_core
    printf3.o(i.__0vprintf$3) refers to usart1.o(.text) for fputc
    printf3.o(i.__0vprintf$3) refers to stdout.o(.data) for __stdout
    printf3.o(i.__0vsnprintf$3) refers to printf3.o(i._printf_core) for _printf_core
    printf3.o(i.__0vsnprintf$3) refers to printf3.o(i._snputc) for _snputc
    printf3.o(i.__0vsprintf$3) refers to printf3.o(i._printf_core) for _printf_core
    printf3.o(i.__0vsprintf$3) refers to printf3.o(i._sputc) for _sputc
    printf3.o(i._printf_core) refers to uidiv.o(.text) for __aeabi_uidivmod
    printf4.o(i.__0fprintf$4) refers to printf4.o(i._printf_core) for _printf_core
    printf4.o(i.__0fprintf$4) refers to usart1.o(.text) for fputc
    printf4.o(i.__0printf$4) refers to printf4.o(i._printf_core) for _printf_core
    printf4.o(i.__0printf$4) refers to usart1.o(.text) for fputc
    printf4.o(i.__0printf$4) refers to stdout.o(.data) for __stdout
    printf4.o(i.__0snprintf$4) refers to printf4.o(i._printf_core) for _printf_core
    printf4.o(i.__0snprintf$4) refers to printf4.o(i._snputc) for _snputc
    printf4.o(i.__0sprintf$4) refers to printf4.o(i._printf_core) for _printf_core
    printf4.o(i.__0sprintf$4) refers to printf4.o(i._sputc) for _sputc
    printf4.o(i.__0vfprintf$4) refers to printf4.o(i._printf_core) for _printf_core
    printf4.o(i.__0vfprintf$4) refers to usart1.o(.text) for fputc
    printf4.o(i.__0vprintf$4) refers to printf4.o(i._printf_core) for _printf_core
    printf4.o(i.__0vprintf$4) refers to usart1.o(.text) for fputc
    printf4.o(i.__0vprintf$4) refers to stdout.o(.data) for __stdout
    printf4.o(i.__0vsnprintf$4) refers to printf4.o(i._printf_core) for _printf_core
    printf4.o(i.__0vsnprintf$4) refers to printf4.o(i._snputc) for _snputc
    printf4.o(i.__0vsprintf$4) refers to printf4.o(i._printf_core) for _printf_core
    printf4.o(i.__0vsprintf$4) refers to printf4.o(i._sputc) for _sputc
    printf4.o(i._printf_core) refers to uldiv.o(.text) for __aeabi_uldivmod
    printf5.o(i.__0fprintf$5) refers to printf5.o(i._printf_core) for _printf_core
    printf5.o(i.__0fprintf$5) refers to usart1.o(.text) for fputc
    printf5.o(i.__0printf$5) refers to printf5.o(i._printf_core) for _printf_core
    printf5.o(i.__0printf$5) refers to usart1.o(.text) for fputc
    printf5.o(i.__0printf$5) refers to stdout.o(.data) for __stdout
    printf5.o(i.__0snprintf$5) refers to printf5.o(i._printf_core) for _printf_core
    printf5.o(i.__0snprintf$5) refers to printf5.o(i._snputc) for _snputc
    printf5.o(i.__0sprintf$5) refers to printf5.o(i._printf_core) for _printf_core
    printf5.o(i.__0sprintf$5) refers to printf5.o(i._sputc) for _sputc
    printf5.o(i.__0vfprintf$5) refers to printf5.o(i._printf_core) for _printf_core
    printf5.o(i.__0vfprintf$5) refers to usart1.o(.text) for fputc
    printf5.o(i.__0vprintf$5) refers to printf5.o(i._printf_core) for _printf_core
    printf5.o(i.__0vprintf$5) refers to usart1.o(.text) for fputc
    printf5.o(i.__0vprintf$5) refers to stdout.o(.data) for __stdout
    printf5.o(i.__0vsnprintf$5) refers to printf5.o(i._printf_core) for _printf_core
    printf5.o(i.__0vsnprintf$5) refers to printf5.o(i._snputc) for _snputc
    printf5.o(i.__0vsprintf$5) refers to printf5.o(i._printf_core) for _printf_core
    printf5.o(i.__0vsprintf$5) refers to printf5.o(i._sputc) for _sputc
    printf5.o(i._printf_core) refers to uldiv.o(.text) for __aeabi_uldivmod
    printf6.o(i.__0fprintf$6) refers to printf6.o(i._printf_core) for _printf_core
    printf6.o(i.__0fprintf$6) refers to usart1.o(.text) for fputc
    printf6.o(i.__0printf$6) refers to printf6.o(i._printf_core) for _printf_core
    printf6.o(i.__0printf$6) refers to usart1.o(.text) for fputc
    printf6.o(i.__0printf$6) refers to stdout.o(.data) for __stdout
    printf6.o(i.__0snprintf$6) refers to printf6.o(i._printf_core) for _printf_core
    printf6.o(i.__0snprintf$6) refers to printf6.o(i._snputc) for _snputc
    printf6.o(i.__0sprintf$6) refers to printf6.o(i._printf_core) for _printf_core
    printf6.o(i.__0sprintf$6) refers to printf6.o(i._sputc) for _sputc
    printf6.o(i.__0vfprintf$6) refers to printf6.o(i._printf_core) for _printf_core
    printf6.o(i.__0vfprintf$6) refers to usart1.o(.text) for fputc
    printf6.o(i.__0vprintf$6) refers to printf6.o(i._printf_core) for _printf_core
    printf6.o(i.__0vprintf$6) refers to usart1.o(.text) for fputc
    printf6.o(i.__0vprintf$6) refers to stdout.o(.data) for __stdout
    printf6.o(i.__0vsnprintf$6) refers to printf6.o(i._printf_core) for _printf_core
    printf6.o(i.__0vsnprintf$6) refers to printf6.o(i._snputc) for _snputc
    printf6.o(i.__0vsprintf$6) refers to printf6.o(i._printf_core) for _printf_core
    printf6.o(i.__0vsprintf$6) refers to printf6.o(i._sputc) for _sputc
    printf6.o(i._printf_core) refers to printf6.o(i._printf_pre_padding) for _printf_pre_padding
    printf6.o(i._printf_core) refers to uidiv.o(.text) for __aeabi_uidivmod
    printf6.o(i._printf_core) refers to printf6.o(i._printf_post_padding) for _printf_post_padding
    printf7.o(i.__0fprintf$7) refers to printf7.o(i._printf_core) for _printf_core
    printf7.o(i.__0fprintf$7) refers to usart1.o(.text) for fputc
    printf7.o(i.__0printf$7) refers to printf7.o(i._printf_core) for _printf_core
    printf7.o(i.__0printf$7) refers to usart1.o(.text) for fputc
    printf7.o(i.__0printf$7) refers to stdout.o(.data) for __stdout
    printf7.o(i.__0snprintf$7) refers to printf7.o(i._printf_core) for _printf_core
    printf7.o(i.__0snprintf$7) refers to printf7.o(i._snputc) for _snputc
    printf7.o(i.__0sprintf$7) refers to printf7.o(i._printf_core) for _printf_core
    printf7.o(i.__0sprintf$7) refers to printf7.o(i._sputc) for _sputc
    printf7.o(i.__0vfprintf$7) refers to printf7.o(i._printf_core) for _printf_core
    printf7.o(i.__0vfprintf$7) refers to usart1.o(.text) for fputc
    printf7.o(i.__0vprintf$7) refers to printf7.o(i._printf_core) for _printf_core
    printf7.o(i.__0vprintf$7) refers to usart1.o(.text) for fputc
    printf7.o(i.__0vprintf$7) refers to stdout.o(.data) for __stdout
    printf7.o(i.__0vsnprintf$7) refers to printf7.o(i._printf_core) for _printf_core
    printf7.o(i.__0vsnprintf$7) refers to printf7.o(i._snputc) for _snputc
    printf7.o(i.__0vsprintf$7) refers to printf7.o(i._printf_core) for _printf_core
    printf7.o(i.__0vsprintf$7) refers to printf7.o(i._sputc) for _sputc
    printf7.o(i._printf_core) refers to printf7.o(i._printf_pre_padding) for _printf_pre_padding
    printf7.o(i._printf_core) refers to uldiv.o(.text) for __aeabi_uldivmod
    printf7.o(i._printf_core) refers to printf7.o(i._printf_post_padding) for _printf_post_padding
    printf8.o(i.__0fprintf$8) refers to printf8.o(i._printf_core) for _printf_core
    printf8.o(i.__0fprintf$8) refers to usart1.o(.text) for fputc
    printf8.o(i.__0printf$8) refers to printf8.o(i._printf_core) for _printf_core
    printf8.o(i.__0printf$8) refers to usart1.o(.text) for fputc
    printf8.o(i.__0printf$8) refers to stdout.o(.data) for __stdout
    printf8.o(i.__0snprintf$8) refers to printf8.o(i._printf_core) for _printf_core
    printf8.o(i.__0snprintf$8) refers to printf8.o(i._snputc) for _snputc
    printf8.o(i.__0sprintf$8) refers to printf8.o(i._printf_core) for _printf_core
    printf8.o(i.__0sprintf$8) refers to printf8.o(i._sputc) for _sputc
    printf8.o(i.__0vfprintf$8) refers to printf8.o(i._printf_core) for _printf_core
    printf8.o(i.__0vfprintf$8) refers to usart1.o(.text) for fputc
    printf8.o(i.__0vprintf$8) refers to printf8.o(i._printf_core) for _printf_core
    printf8.o(i.__0vprintf$8) refers to usart1.o(.text) for fputc
    printf8.o(i.__0vprintf$8) refers to stdout.o(.data) for __stdout
    printf8.o(i.__0vsnprintf$8) refers to printf8.o(i._printf_core) for _printf_core
    printf8.o(i.__0vsnprintf$8) refers to printf8.o(i._snputc) for _snputc
    printf8.o(i.__0vsprintf$8) refers to printf8.o(i._printf_core) for _printf_core
    printf8.o(i.__0vsprintf$8) refers to printf8.o(i._sputc) for _sputc
    printf8.o(i._printf_core) refers to printf8.o(i._printf_pre_padding) for _printf_pre_padding
    printf8.o(i._printf_core) refers to uldiv.o(.text) for __aeabi_uldivmod
    printf8.o(i._printf_core) refers to printf8.o(i._printf_post_padding) for _printf_post_padding
    printfa.o(i.__0fprintf) refers (Special) to iusefp.o(.text) for __I$use$fp
    printfa.o(i.__0fprintf) refers to printfa.o(i._printf_core) for _printf_core
    printfa.o(i.__0fprintf) refers to usart1.o(.text) for fputc
    printfa.o(i.__0printf) refers (Special) to iusefp.o(.text) for __I$use$fp
    printfa.o(i.__0printf) refers to printfa.o(i._printf_core) for _printf_core
    printfa.o(i.__0printf) refers to usart1.o(.text) for fputc
    printfa.o(i.__0printf) refers to stdout.o(.data) for __stdout
    printfa.o(i.__0snprintf) refers (Special) to iusefp.o(.text) for __I$use$fp
    printfa.o(i.__0snprintf) refers to printfa.o(i._printf_core) for _printf_core
    printfa.o(i.__0snprintf) refers to printfa.o(i._snputc) for _snputc
    printfa.o(i.__0sprintf) refers (Special) to iusefp.o(.text) for __I$use$fp
    printfa.o(i.__0sprintf) refers to printfa.o(i._printf_core) for _printf_core
    printfa.o(i.__0sprintf) refers to printfa.o(i._sputc) for _sputc
    printfa.o(i.__0vfprintf) refers (Special) to iusefp.o(.text) for __I$use$fp
    printfa.o(i.__0vfprintf) refers to printfa.o(i._printf_core) for _printf_core
    printfa.o(i.__0vfprintf) refers to usart1.o(.text) for fputc
    printfa.o(i.__0vprintf) refers (Special) to iusefp.o(.text) for __I$use$fp
    printfa.o(i.__0vprintf) refers to printfa.o(i._printf_core) for _printf_core
    printfa.o(i.__0vprintf) refers to usart1.o(.text) for fputc
    printfa.o(i.__0vprintf) refers to stdout.o(.data) for __stdout
    printfa.o(i.__0vsnprintf) refers (Special) to iusefp.o(.text) for __I$use$fp
    printfa.o(i.__0vsnprintf) refers to printfa.o(i._printf_core) for _printf_core
    printfa.o(i.__0vsnprintf) refers to printfa.o(i._snputc) for _snputc
    printfa.o(i.__0vsprintf) refers (Special) to iusefp.o(.text) for __I$use$fp
    printfa.o(i.__0vsprintf) refers to printfa.o(i._printf_core) for _printf_core
    printfa.o(i.__0vsprintf) refers to printfa.o(i._sputc) for _sputc
    printfa.o(i._fp_digits) refers (Special) to iusefp.o(.text) for __I$use$fp
    printfa.o(i._fp_digits) refers to dmul.o(.text) for __aeabi_dmul
    printfa.o(i._fp_digits) refers to ddiv.o(.text) for __aeabi_ddiv
    printfa.o(i._fp_digits) refers to cdrcmple.o(.text) for __aeabi_cdrcmple
    printfa.o(i._fp_digits) refers to dadd.o(.text) for __aeabi_dadd
    printfa.o(i._fp_digits) refers to dfixul.o(.text) for __aeabi_d2ulz
    printfa.o(i._fp_digits) refers to uldiv.o(.text) for __aeabi_uldivmod
    printfa.o(i._printf_core) refers (Special) to iusefp.o(.text) for __I$use$fp
    printfa.o(i._printf_core) refers to printfa.o(i._printf_pre_padding) for _printf_pre_padding
    printfa.o(i._printf_core) refers to uldiv.o(.text) for __aeabi_uldivmod
    printfa.o(i._printf_core) refers to printfa.o(i._printf_post_padding) for _printf_post_padding
    printfa.o(i._printf_core) refers to printfa.o(i._fp_digits) for _fp_digits
    printfa.o(i._printf_core) refers to uidiv.o(.text) for __aeabi_uidivmod
    printfa.o(i._printf_post_padding) refers (Special) to iusefp.o(.text) for __I$use$fp
    printfa.o(i._printf_pre_padding) refers (Special) to iusefp.o(.text) for __I$use$fp
    printfa.o(i._snputc) refers (Special) to iusefp.o(.text) for __I$use$fp
    printfa.o(i._sputc) refers (Special) to iusefp.o(.text) for __I$use$fp
    dadd.o(.text) refers (Special) to iusefp.o(.text) for __I$use$fp
    dadd.o(.text) refers to llshl.o(.text) for __aeabi_llsl
    dadd.o(.text) refers to llsshr.o(.text) for __aeabi_lasr
    dadd.o(.text) refers to depilogue.o(.text) for _double_epilogue
    dmul.o(.text) refers (Special) to iusefp.o(.text) for __I$use$fp
    dmul.o(.text) refers to depilogue.o(.text) for _double_epilogue
    fflti.o(.text) refers (Special) to iusefp.o(.text) for __I$use$fp
    fflti.o(.text) refers to fepilogue.o(.text) for _float_epilogue
    ffltui.o(.text) refers (Special) to iusefp.o(.text) for __I$use$fp
    ffltui.o(.text) refers to fepilogue.o(.text) for _float_epilogue
    ffixui.o(.text) refers (Special) to iusefp.o(.text) for __I$use$fp
    f2d.o(.text) refers (Special) to iusefp.o(.text) for __I$use$fp
    d2f.o(.text) refers (Special) to iusefp.o(.text) for __I$use$fp
    d2f.o(.text) refers to fepilogue.o(.text) for _float_round
    entry2.o(.ARM.Collect$$$$00000001) refers to entry2.o(.ARM.Collect$$$$00002712) for __lit__00000000
    entry2.o(.ARM.Collect$$$$00002712) refers to startup_stm32f10x_hd.o(STACK) for __initial_sp
    entry2.o(__vectab_stack_and_reset_area) refers to startup_stm32f10x_hd.o(STACK) for __initial_sp
    entry2.o(__vectab_stack_and_reset_area) refers to entry.o(.ARM.Collect$$$$00000000) for __main
    entry5.o(.ARM.Collect$$$$00000004) refers to init.o(.text) for __scatterload
    entry9a.o(.ARM.Collect$$$$0000000B) refers to main.o(.text) for main
    entry9b.o(.ARM.Collect$$$$0000000C) refers to main.o(.text) for main
    uldiv.o(.text) refers to llushr.o(.text) for __aeabi_llsr
    uldiv.o(.text) refers to llshl.o(.text) for __aeabi_llsl
    depilogue.o(.text) refers to llshl.o(.text) for __aeabi_llsl
    depilogue.o(.text) refers to llushr.o(.text) for __aeabi_llsr
    ddiv.o(.text) refers to depilogue.o(.text) for _double_round
    dfixul.o(.text) refers to llushr.o(.text) for __aeabi_llsr
    dfixul.o(.text) refers to llshl.o(.text) for __aeabi_llsl
    init.o(.text) refers to entry5.o(.ARM.Collect$$$$00000004) for __main_after_scatterload


==============================================================================

Removing Unused input sections from the image.

    Removing core_cm3.o(.emb_text), (32 bytes).
    Removing startup_stm32f10x_hd.o(HEAP), (1024 bytes).
    Removing stm32f10x_exti.o(.text), (284 bytes).
    Removing stm32f10x_flash.o(.text), (1468 bytes).
    Removing sht20.o(.text), (1736 bytes).
    Removing sht20.o(.constdata), (51 bytes).
    Removing usart1.o(.bss), (512 bytes).
    Removing usart1.o(.data), (12 bytes).
    Removing fflti.o(.text), (18 bytes).
    Removing ffltui.o(.text), (10 bytes).
    Removing ffixui.o(.text), (40 bytes).
    Removing f2d.o(.text), (38 bytes).
    Removing d2f.o(.text), (56 bytes).
    Removing fepilogue.o(.text), (110 bytes).

14 unused section(s) (total 5391 bytes) removed from the image.

==============================================================================

Image Symbol Table

    Local Symbols

    Symbol Name                              Value     Ov Type        Size  Object(Section)

    ../clib/microlib/division.c              0x00000000   Number         0  uidiv.o ABSOLUTE
    ../clib/microlib/division.c              0x00000000   Number         0  uldiv.o ABSOLUTE
    ../clib/microlib/init/entry.s            0x00000000   Number         0  entry5.o ABSOLUTE
    ../clib/microlib/init/entry.s            0x00000000   Number         0  entry7a.o ABSOLUTE
    ../clib/microlib/init/entry.s            0x00000000   Number         0  entry7b.o ABSOLUTE
    ../clib/microlib/init/entry.s            0x00000000   Number         0  entry8a.o ABSOLUTE
    ../clib/microlib/init/entry.s            0x00000000   Number         0  entry8b.o ABSOLUTE
    ../clib/microlib/init/entry.s            0x00000000   Number         0  entry9a.o ABSOLUTE
    ../clib/microlib/init/entry.s            0x00000000   Number         0  entry9b.o ABSOLUTE
    ../clib/microlib/init/entry.s            0x00000000   Number         0  entry10a.o ABSOLUTE
    ../clib/microlib/init/entry.s            0x00000000   Number         0  entry10b.o ABSOLUTE
    ../clib/microlib/init/entry.s            0x00000000   Number         0  entry11a.o ABSOLUTE
    ../clib/microlib/init/entry.s            0x00000000   Number         0  entry11b.o ABSOLUTE
    ../clib/microlib/init/entry.s            0x00000000   Number         0  entry2.o ABSOLUTE
    ../clib/microlib/init/entry.s            0x00000000   Number         0  entry.o ABSOLUTE
    ../clib/microlib/longlong.c              0x00000000   Number         0  llsshr.o ABSOLUTE
    ../clib/microlib/longlong.c              0x00000000   Number         0  llushr.o ABSOLUTE
    ../clib/microlib/longlong.c              0x00000000   Number         0  llshl.o ABSOLUTE
    ../clib/microlib/printf/printf.c         0x00000000   Number         0  printfb.o ABSOLUTE
    ../clib/microlib/printf/printf.c         0x00000000   Number         0  printfa.o ABSOLUTE
    ../clib/microlib/printf/printf.c         0x00000000   Number         0  printf8.o ABSOLUTE
    ../clib/microlib/printf/printf.c         0x00000000   Number         0  printf7.o ABSOLUTE
    ../clib/microlib/printf/printf.c         0x00000000   Number         0  printf0.o ABSOLUTE
    ../clib/microlib/printf/printf.c         0x00000000   Number         0  printf1.o ABSOLUTE
    ../clib/microlib/printf/printf.c         0x00000000   Number         0  printf2.o ABSOLUTE
    ../clib/microlib/printf/printf.c         0x00000000   Number         0  printf3.o ABSOLUTE
    ../clib/microlib/printf/printf.c         0x00000000   Number         0  printf4.o ABSOLUTE
    ../clib/microlib/printf/printf.c         0x00000000   Number         0  printf5.o ABSOLUTE
    ../clib/microlib/printf/printf.c         0x00000000   Number         0  printf6.o ABSOLUTE
    ../clib/microlib/printf/stubs.s          0x00000000   Number         0  stubs.o ABSOLUTE
    ../clib/microlib/stdio/streams.c         0x00000000   Number         0  stdout.o ABSOLUTE
    ../clib/microlib/string/memcpy.c         0x00000000   Number         0  memcpya.o ABSOLUTE
    ../clib/microlib/string/memcpy.c         0x00000000   Number         0  memcpyb.o ABSOLUTE
    ../clib/microlib/string/memset.c         0x00000000   Number         0  memseta.o ABSOLUTE
    ../clib/microlib/string/strcat.c         0x00000000   Number         0  strcat.o ABSOLUTE
    ../clib/microlib/string/strlen.c         0x00000000   Number         0  strlen.o ABSOLUTE
    ../clib/microlib/string/strstr.c         0x00000000   Number         0  strstr.o ABSOLUTE
    ../clib/microlib/stubs.s                 0x00000000   Number         0  iusefp.o ABSOLUTE
    ../fplib/microlib/d2f.c                  0x00000000   Number         0  d2f.o ABSOLUTE
    ../fplib/microlib/f2d.c                  0x00000000   Number         0  f2d.o ABSOLUTE
    ../fplib/microlib/fpadd.c                0x00000000   Number         0  dadd.o ABSOLUTE
    ../fplib/microlib/fpdiv.c                0x00000000   Number         0  ddiv.o ABSOLUTE
    ../fplib/microlib/fpepilogue.c           0x00000000   Number         0  fepilogue.o ABSOLUTE
    ../fplib/microlib/fpepilogue.c           0x00000000   Number         0  depilogue.o ABSOLUTE
    ../fplib/microlib/fpfix.c                0x00000000   Number         0  dfixul.o ABSOLUTE
    ../fplib/microlib/fpfix.c                0x00000000   Number         0  ffixui.o ABSOLUTE
    ../fplib/microlib/fpflt.c                0x00000000   Number         0  ffltui.o ABSOLUTE
    ../fplib/microlib/fpflt.c                0x00000000   Number         0  fflti.o ABSOLUTE
    ../fplib/microlib/fpmul.c                0x00000000   Number         0  dmul.o ABSOLUTE
    ..\Devices\hal_i2c.c                     0x00000000   Number         0  hal_i2c.o ABSOLUTE
    ..\Devices\sht20.c                       0x00000000   Number         0  sht20.o ABSOLUTE
    ..\Hal\usart1.c                          0x00000000   Number         0  usart1.o ABSOLUTE
    ..\Hal\usart2.c                          0x00000000   Number         0  usart2.o ABSOLUTE
    ..\Libraries\CMSIS\core_cm3.c            0x00000000   Number         0  core_cm3.o ABSOLUTE
    ..\Libraries\CMSIS\startup\arm\startup_stm32f10x_hd.s 0x00000000   Number         0  startup_stm32f10x_hd.o ABSOLUTE
    ..\Libraries\CMSIS\system_stm32f10x.c    0x00000000   Number         0  system_stm32f10x.o ABSOLUTE
    ..\Libraries\STM32F10x_StdPeriph_Driver\src\misc.c 0x00000000   Number         0  misc.o ABSOLUTE
    ..\Libraries\STM32F10x_StdPeriph_Driver\src\stm32f10x_exti.c 0x00000000   Number         0  stm32f10x_exti.o ABSOLUTE
    ..\Libraries\STM32F10x_StdPeriph_Driver\src\stm32f10x_flash.c 0x00000000   Number         0  stm32f10x_flash.o ABSOLUTE
    ..\Libraries\STM32F10x_StdPeriph_Driver\src\stm32f10x_gpio.c 0x00000000   Number         0  stm32f10x_gpio.o ABSOLUTE
    ..\Libraries\STM32F10x_StdPeriph_Driver\src\stm32f10x_i2c.c 0x00000000   Number         0  stm32f10x_i2c.o ABSOLUTE
    ..\Libraries\STM32F10x_StdPeriph_Driver\src\stm32f10x_rcc.c 0x00000000   Number         0  stm32f10x_rcc.o ABSOLUTE
    ..\Libraries\STM32F10x_StdPeriph_Driver\src\stm32f10x_usart.c 0x00000000   Number         0  stm32f10x_usart.o ABSOLUTE
    ..\Network\esp8266\esp8266.c             0x00000000   Number         0  esp8266.o ABSOLUTE
    ..\Protocol\http\HTTP_Demo.c             0x00000000   Number         0  http_demo.o ABSOLUTE
    ..\User\main.c                           0x00000000   Number         0  main.o ABSOLUTE
    ..\User\stm32f10x_it.c                   0x00000000   Number         0  stm32f10x_it.o ABSOLUTE
    ..\Utils\utils.c                         0x00000000   Number         0  utils.o ABSOLUTE
    ..\\Libraries\\CMSIS\\core_cm3.c         0x00000000   Number         0  core_cm3.o ABSOLUTE
    cdrcmple.s                               0x00000000   Number         0  cdrcmple.o ABSOLUTE
    dc.s                                     0x00000000   Number         0  dc.o ABSOLUTE
    handlers.s                               0x00000000   Number         0  handlers.o ABSOLUTE
    init.s                                   0x00000000   Number         0  init.o ABSOLUTE
    RESET                                    0x08000000   Section      304  startup_stm32f10x_hd.o(RESET)
    .ARM.Collect$$$$00000000                 0x08000130   Section        0  entry.o(.ARM.Collect$$$$00000000)
    .ARM.Collect$$$$00000001                 0x08000130   Section        4  entry2.o(.ARM.Collect$$$$00000001)
    .ARM.Collect$$$$00000004                 0x08000134   Section        4  entry5.o(.ARM.Collect$$$$00000004)
    .ARM.Collect$$$$00000008                 0x08000138   Section        0  entry7b.o(.ARM.Collect$$$$00000008)
    .ARM.Collect$$$$0000000A                 0x08000138   Section        0  entry8b.o(.ARM.Collect$$$$0000000A)
    .ARM.Collect$$$$0000000B                 0x08000138   Section        8  entry9a.o(.ARM.Collect$$$$0000000B)
    .ARM.Collect$$$$0000000D                 0x08000140   Section        0  entry10a.o(.ARM.Collect$$$$0000000D)
    .ARM.Collect$$$$0000000F                 0x08000140   Section        0  entry11a.o(.ARM.Collect$$$$0000000F)
    .ARM.Collect$$$$00002712                 0x08000140   Section        4  entry2.o(.ARM.Collect$$$$00002712)
    __lit__00000000                          0x08000140   Data           4  entry2.o(.ARM.Collect$$$$00002712)
    .text                                    0x08000144   Section        0  system_stm32f10x.o(.text)
    SetSysClockTo72                          0x08000145   Thumb Code   214  system_stm32f10x.o(.text)
    SetSysClock                              0x0800021b   Thumb Code     8  system_stm32f10x.o(.text)
    .text                                    0x0800032c   Section       36  startup_stm32f10x_hd.o(.text)
    .text                                    0x08000350   Section        0  main.o(.text)
    .text                                    0x08000494   Section        0  stm32f10x_it.o(.text)
    .text                                    0x08000508   Section        0  misc.o(.text)
    .text                                    0x080005e4   Section        0  stm32f10x_gpio.o(.text)
    .text                                    0x08000940   Section        0  stm32f10x_i2c.o(.text)
    .text                                    0x08000d44   Section        0  stm32f10x_rcc.o(.text)
    .text                                    0x080010f0   Section        0  stm32f10x_usart.o(.text)
    .text                                    0x080014f8   Section        0  hal_i2c.o(.text)
    .text                                    0x08001818   Section        0  usart1.o(.text)
    .text                                    0x0800190c   Section        0  usart2.o(.text)
    .text                                    0x08001a90   Section        0  http_demo.o(.text)
    .text                                    0x08001bb4   Section        0  utils.o(.text)
    .text                                    0x08001c74   Section        0  esp8266.o(.text)
    .text                                    0x08001d80   Section        0  memcpya.o(.text)
    .text                                    0x08001da4   Section        0  memseta.o(.text)
    .text                                    0x08001dc8   Section        0  strcat.o(.text)
    .text                                    0x08001de0   Section        0  strstr.o(.text)
    .text                                    0x08001e04   Section        0  strlen.o(.text)
    .text                                    0x08001e12   Section        0  dadd.o(.text)
    .text                                    0x08001f60   Section        0  dmul.o(.text)
    .text                                    0x08002044   Section        0  uidiv.o(.text)
    .text                                    0x08002070   Section        0  uldiv.o(.text)
    .text                                    0x080020d2   Section        0  llshl.o(.text)
    .text                                    0x080020f0   Section        0  llsshr.o(.text)
    .text                                    0x08002114   Section        0  depilogue.o(.text)
    .text                                    0x08002114   Section        0  iusefp.o(.text)
    .text                                    0x080021ce   Section        0  ddiv.o(.text)
    .text                                    0x080022ac   Section        0  dfixul.o(.text)
    .text                                    0x080022dc   Section       48  cdrcmple.o(.text)
    .text                                    0x0800230c   Section       36  init.o(.text)
    .text                                    0x08002330   Section        0  llushr.o(.text)
    i.__0printf                              0x08002350   Section        0  printfa.o(i.__0printf)
    i.__0sprintf                             0x08002370   Section        0  printfa.o(i.__0sprintf)
    i.__scatterload_copy                     0x08002398   Section       14  handlers.o(i.__scatterload_copy)
    i.__scatterload_null                     0x080023a6   Section        2  handlers.o(i.__scatterload_null)
    i.__scatterload_zeroinit                 0x080023a8   Section       14  handlers.o(i.__scatterload_zeroinit)
    i._fp_digits                             0x080023b8   Section        0  printfa.o(i._fp_digits)
    _fp_digits                               0x080023b9   Thumb Code   334  printfa.o(i._fp_digits)
    i._printf_core                           0x0800251c   Section        0  printfa.o(i._printf_core)
    _printf_core                             0x0800251d   Thumb Code  1744  printfa.o(i._printf_core)
    i._printf_post_padding                   0x08002bf8   Section        0  printfa.o(i._printf_post_padding)
    _printf_post_padding                     0x08002bf9   Thumb Code    36  printfa.o(i._printf_post_padding)
    i._printf_pre_padding                    0x08002c1c   Section        0  printfa.o(i._printf_pre_padding)
    _printf_pre_padding                      0x08002c1d   Thumb Code    46  printfa.o(i._printf_pre_padding)
    i._sputc                                 0x08002c4a   Section        0  printfa.o(i._sputc)
    _sputc                                   0x08002c4b   Thumb Code    10  printfa.o(i._sputc)
    .constdata                               0x08002c54   Section       59  hal_i2c.o(.constdata)
    __func__                                 0x08002c54   Data          23  hal_i2c.o(.constdata)
    __func__                                 0x08002c6b   Data          13  hal_i2c.o(.constdata)
    __func__                                 0x08002c78   Data          23  hal_i2c.o(.constdata)
    .constdata                               0x08002c8f   Section        8  usart2.o(.constdata)
    __func__                                 0x08002c8f   Data           8  usart2.o(.constdata)
    .constdata                               0x08002c97   Section      512  utils.o(.constdata)
    aucCRCHi                                 0x08002c97   Data         256  utils.o(.constdata)
    aucCRCLo                                 0x08002d97   Data         256  utils.o(.constdata)
    .conststring                             0x08002e98   Section       98  hal_i2c.o(.conststring)
    .data                                    0x20000000   Section       20  system_stm32f10x.o(.data)
    .data                                    0x20000014   Section       20  stm32f10x_rcc.o(.data)
    APBAHBPrescTable                         0x20000014   Data          16  stm32f10x_rcc.o(.data)
    ADCPrescTable                            0x20000024   Data           4  stm32f10x_rcc.o(.data)
    .data                                    0x20000028   Section        8  usart2.o(.data)
    .data                                    0x20000030   Section        4  stdout.o(.data)
    .bss                                     0x20000034   Section     1024  usart2.o(.bss)
    STACK                                    0x20000438   Section     1024  startup_stm32f10x_hd.o(STACK)

    Global Symbols

    Symbol Name                              Value     Ov Type        Size  Object(Section)

    BuildAttributes$$THM_ISAv4$P$D$K$B$S$PE$A:L22UL41UL21$X:L11$S22US41US21$IEEE1$IW$USESV6$~STKCKD$USESV7$~SHL$OTIME$ROPI$EBA8$MICROLIB$REQ8$PRES8$EABIv2 0x00000000   Number         0  anon$$obj.o ABSOLUTE
    __ARM_use_no_argv                        0x00000000   Number         0  main.o ABSOLUTE
    _printf_a                                0x00000000   Number         0  stubs.o ABSOLUTE
    _printf_c                                0x00000000   Number         0  stubs.o ABSOLUTE
    _printf_charcount                        0x00000000   Number         0  stubs.o ABSOLUTE
    _printf_d                                0x00000000   Number         0  stubs.o ABSOLUTE
    _printf_e                                0x00000000   Number         0  stubs.o ABSOLUTE
    _printf_f                                0x00000000   Number         0  stubs.o ABSOLUTE
    _printf_flags                            0x00000000   Number         0  stubs.o ABSOLUTE
    _printf_fp_dec                           0x00000000   Number         0  stubs.o ABSOLUTE
    _printf_fp_hex                           0x00000000   Number         0  stubs.o ABSOLUTE
    _printf_g                                0x00000000   Number         0  stubs.o ABSOLUTE
    _printf_i                                0x00000000   Number         0  stubs.o ABSOLUTE
    _printf_int_dec                          0x00000000   Number         0  stubs.o ABSOLUTE
    _printf_l                                0x00000000   Number         0  stubs.o ABSOLUTE
    _printf_lc                               0x00000000   Number         0  stubs.o ABSOLUTE
    _printf_ll                               0x00000000   Number         0  stubs.o ABSOLUTE
    _printf_lld                              0x00000000   Number         0  stubs.o ABSOLUTE
    _printf_lli                              0x00000000   Number         0  stubs.o ABSOLUTE
    _printf_llo                              0x00000000   Number         0  stubs.o ABSOLUTE
    _printf_llu                              0x00000000   Number         0  stubs.o ABSOLUTE
    _printf_llx                              0x00000000   Number         0  stubs.o ABSOLUTE
    _printf_longlong_dec                     0x00000000   Number         0  stubs.o ABSOLUTE
    _printf_longlong_hex                     0x00000000   Number         0  stubs.o ABSOLUTE
    _printf_longlong_oct                     0x00000000   Number         0  stubs.o ABSOLUTE
    _printf_ls                               0x00000000   Number         0  stubs.o ABSOLUTE
    _printf_mbtowc                           0x00000000   Number         0  stubs.o ABSOLUTE
    _printf_n                                0x00000000   Number         0  stubs.o ABSOLUTE
    _printf_o                                0x00000000   Number         0  stubs.o ABSOLUTE
    _printf_p                                0x00000000   Number         0  stubs.o ABSOLUTE
    _printf_percent                          0x00000000   Number         0  stubs.o ABSOLUTE
    _printf_pre_padding                      0x00000000   Number         0  stubs.o ABSOLUTE
    _printf_return_value                     0x00000000   Number         0  stubs.o ABSOLUTE
    _printf_s                                0x00000000   Number         0  stubs.o ABSOLUTE
    _printf_sizespec                         0x00000000   Number         0  stubs.o ABSOLUTE
    _printf_str                              0x00000000   Number         0  stubs.o ABSOLUTE
    _printf_truncate_signed                  0x00000000   Number         0  stubs.o ABSOLUTE
    _printf_truncate_unsigned                0x00000000   Number         0  stubs.o ABSOLUTE
    _printf_u                                0x00000000   Number         0  stubs.o ABSOLUTE
    _printf_wc                               0x00000000   Number         0  stubs.o ABSOLUTE
    _printf_wctomb                           0x00000000   Number         0  stubs.o ABSOLUTE
    _printf_widthprec                        0x00000000   Number         0  stubs.o ABSOLUTE
    _printf_x                                0x00000000   Number         0  stubs.o ABSOLUTE
    __cpp_initialize__aeabi_                  - Undefined Weak Reference
    __cxa_finalize                            - Undefined Weak Reference
    __decompress                              - Undefined Weak Reference
    _clock_init                               - Undefined Weak Reference
    _microlib_exit                            - Undefined Weak Reference
    __Vectors_Size                           0x00000130   Number         0  startup_stm32f10x_hd.o ABSOLUTE
    __Vectors                                0x08000000   Data           4  startup_stm32f10x_hd.o(RESET)
    __Vectors_End                            0x08000130   Data           0  startup_stm32f10x_hd.o(RESET)
    __main                                   0x08000131   Thumb Code     0  entry.o(.ARM.Collect$$$$00000000)
    _main_stk                                0x08000131   Thumb Code     0  entry2.o(.ARM.Collect$$$$00000001)
    _main_scatterload                        0x08000135   Thumb Code     0  entry5.o(.ARM.Collect$$$$00000004)
    __main_after_scatterload                 0x08000139   Thumb Code     0  entry5.o(.ARM.Collect$$$$00000004)
    _main_clock                              0x08000139   Thumb Code     0  entry7b.o(.ARM.Collect$$$$00000008)
    _main_cpp_init                           0x08000139   Thumb Code     0  entry8b.o(.ARM.Collect$$$$0000000A)
    _main_init                               0x08000139   Thumb Code     0  entry9a.o(.ARM.Collect$$$$0000000B)
    __rt_final_cpp                           0x08000141   Thumb Code     0  entry10a.o(.ARM.Collect$$$$0000000D)
    __rt_final_exit                          0x08000141   Thumb Code     0  entry11a.o(.ARM.Collect$$$$0000000F)
    SystemInit                               0x08000223   Thumb Code    78  system_stm32f10x.o(.text)
    SystemCoreClockUpdate                    0x08000271   Thumb Code   142  system_stm32f10x.o(.text)
    Reset_Handler                            0x0800032d   Thumb Code     8  startup_stm32f10x_hd.o(.text)
    ADC1_2_IRQHandler                        0x08000347   Thumb Code     0  startup_stm32f10x_hd.o(.text)
    ADC3_IRQHandler                          0x08000347   Thumb Code     0  startup_stm32f10x_hd.o(.text)
    CAN1_RX1_IRQHandler                      0x08000347   Thumb Code     0  startup_stm32f10x_hd.o(.text)
    CAN1_SCE_IRQHandler                      0x08000347   Thumb Code     0  startup_stm32f10x_hd.o(.text)
    DMA1_Channel1_IRQHandler                 0x08000347   Thumb Code     0  startup_stm32f10x_hd.o(.text)
    DMA1_Channel2_IRQHandler                 0x08000347   Thumb Code     0  startup_stm32f10x_hd.o(.text)
    DMA1_Channel3_IRQHandler                 0x08000347   Thumb Code     0  startup_stm32f10x_hd.o(.text)
    DMA1_Channel4_IRQHandler                 0x08000347   Thumb Code     0  startup_stm32f10x_hd.o(.text)
    DMA1_Channel5_IRQHandler                 0x08000347   Thumb Code     0  startup_stm32f10x_hd.o(.text)
    DMA1_Channel6_IRQHandler                 0x08000347   Thumb Code     0  startup_stm32f10x_hd.o(.text)
    DMA1_Channel7_IRQHandler                 0x08000347   Thumb Code     0  startup_stm32f10x_hd.o(.text)
    DMA2_Channel1_IRQHandler                 0x08000347   Thumb Code     0  startup_stm32f10x_hd.o(.text)
    DMA2_Channel2_IRQHandler                 0x08000347   Thumb Code     0  startup_stm32f10x_hd.o(.text)
    DMA2_Channel3_IRQHandler                 0x08000347   Thumb Code     0  startup_stm32f10x_hd.o(.text)
    DMA2_Channel4_5_IRQHandler               0x08000347   Thumb Code     0  startup_stm32f10x_hd.o(.text)
    EXTI15_10_IRQHandler                     0x08000347   Thumb Code     0  startup_stm32f10x_hd.o(.text)
    EXTI1_IRQHandler                         0x08000347   Thumb Code     0  startup_stm32f10x_hd.o(.text)
    EXTI2_IRQHandler                         0x08000347   Thumb Code     0  startup_stm32f10x_hd.o(.text)
    EXTI3_IRQHandler                         0x08000347   Thumb Code     0  startup_stm32f10x_hd.o(.text)
    EXTI4_IRQHandler                         0x08000347   Thumb Code     0  startup_stm32f10x_hd.o(.text)
    EXTI9_5_IRQHandler                       0x08000347   Thumb Code     0  startup_stm32f10x_hd.o(.text)
    FLASH_IRQHandler                         0x08000347   Thumb Code     0  startup_stm32f10x_hd.o(.text)
    FSMC_IRQHandler                          0x08000347   Thumb Code     0  startup_stm32f10x_hd.o(.text)
    I2C1_ER_IRQHandler                       0x08000347   Thumb Code     0  startup_stm32f10x_hd.o(.text)
    I2C1_EV_IRQHandler                       0x08000347   Thumb Code     0  startup_stm32f10x_hd.o(.text)
    I2C2_ER_IRQHandler                       0x08000347   Thumb Code     0  startup_stm32f10x_hd.o(.text)
    I2C2_EV_IRQHandler                       0x08000347   Thumb Code     0  startup_stm32f10x_hd.o(.text)
    PVD_IRQHandler                           0x08000347   Thumb Code     0  startup_stm32f10x_hd.o(.text)
    RCC_IRQHandler                           0x08000347   Thumb Code     0  startup_stm32f10x_hd.o(.text)
    RTCAlarm_IRQHandler                      0x08000347   Thumb Code     0  startup_stm32f10x_hd.o(.text)
    SDIO_IRQHandler                          0x08000347   Thumb Code     0  startup_stm32f10x_hd.o(.text)
    SPI1_IRQHandler                          0x08000347   Thumb Code     0  startup_stm32f10x_hd.o(.text)
    SPI2_IRQHandler                          0x08000347   Thumb Code     0  startup_stm32f10x_hd.o(.text)
    SPI3_IRQHandler                          0x08000347   Thumb Code     0  startup_stm32f10x_hd.o(.text)
    TAMPER_IRQHandler                        0x08000347   Thumb Code     0  startup_stm32f10x_hd.o(.text)
    TIM1_BRK_IRQHandler                      0x08000347   Thumb Code     0  startup_stm32f10x_hd.o(.text)
    TIM1_CC_IRQHandler                       0x08000347   Thumb Code     0  startup_stm32f10x_hd.o(.text)
    TIM1_TRG_COM_IRQHandler                  0x08000347   Thumb Code     0  startup_stm32f10x_hd.o(.text)
    TIM1_UP_IRQHandler                       0x08000347   Thumb Code     0  startup_stm32f10x_hd.o(.text)
    TIM2_IRQHandler                          0x08000347   Thumb Code     0  startup_stm32f10x_hd.o(.text)
    TIM3_IRQHandler                          0x08000347   Thumb Code     0  startup_stm32f10x_hd.o(.text)
    TIM4_IRQHandler                          0x08000347   Thumb Code     0  startup_stm32f10x_hd.o(.text)
    TIM5_IRQHandler                          0x08000347   Thumb Code     0  startup_stm32f10x_hd.o(.text)
    TIM6_IRQHandler                          0x08000347   Thumb Code     0  startup_stm32f10x_hd.o(.text)
    TIM7_IRQHandler                          0x08000347   Thumb Code     0  startup_stm32f10x_hd.o(.text)
    TIM8_BRK_IRQHandler                      0x08000347   Thumb Code     0  startup_stm32f10x_hd.o(.text)
    TIM8_CC_IRQHandler                       0x08000347   Thumb Code     0  startup_stm32f10x_hd.o(.text)
    TIM8_TRG_COM_IRQHandler                  0x08000347   Thumb Code     0  startup_stm32f10x_hd.o(.text)
    TIM8_UP_IRQHandler                       0x08000347   Thumb Code     0  startup_stm32f10x_hd.o(.text)
    UART4_IRQHandler                         0x08000347   Thumb Code     0  startup_stm32f10x_hd.o(.text)
    UART5_IRQHandler                         0x08000347   Thumb Code     0  startup_stm32f10x_hd.o(.text)
    USART3_IRQHandler                        0x08000347   Thumb Code     0  startup_stm32f10x_hd.o(.text)
    USBWakeUp_IRQHandler                     0x08000347   Thumb Code     0  startup_stm32f10x_hd.o(.text)
    USB_HP_CAN1_TX_IRQHandler                0x08000347   Thumb Code     0  startup_stm32f10x_hd.o(.text)
    USB_LP_CAN1_RX0_IRQHandler               0x08000347   Thumb Code     0  startup_stm32f10x_hd.o(.text)
    WWDG_IRQHandler                          0x08000347   Thumb Code     0  startup_stm32f10x_hd.o(.text)
    main                                     0x08000351   Thumb Code   188  main.o(.text)
    NMI_Handler                              0x08000495   Thumb Code     2  stm32f10x_it.o(.text)
    HardFault_Handler                        0x08000497   Thumb Code     4  stm32f10x_it.o(.text)
    MemManage_Handler                        0x0800049b   Thumb Code     4  stm32f10x_it.o(.text)
    BusFault_Handler                         0x0800049f   Thumb Code     4  stm32f10x_it.o(.text)
    UsageFault_Handler                       0x080004a3   Thumb Code     4  stm32f10x_it.o(.text)
    SVC_Handler                              0x080004a7   Thumb Code     2  stm32f10x_it.o(.text)
    DebugMon_Handler                         0x080004a9   Thumb Code     2  stm32f10x_it.o(.text)
    PendSV_Handler                           0x080004ab   Thumb Code     2  stm32f10x_it.o(.text)
    SysTick_Handler                          0x080004ad   Thumb Code     2  stm32f10x_it.o(.text)
    EXTI0_IRQHandler                         0x080004af   Thumb Code     2  stm32f10x_it.o(.text)
    USART1_IRQHandler                        0x080004b1   Thumb Code     2  stm32f10x_it.o(.text)
    USART2_IRQHandler                        0x080004b3   Thumb Code    70  stm32f10x_it.o(.text)
    RTC_IRQHandler                           0x080004f9   Thumb Code     2  stm32f10x_it.o(.text)
    NVIC_PriorityGroupConfig                 0x08000509   Thumb Code    10  misc.o(.text)
    NVIC_Init                                0x08000513   Thumb Code   100  misc.o(.text)
    NVIC_SetVectorTable                      0x08000577   Thumb Code    14  misc.o(.text)
    NVIC_SystemLPConfig                      0x08000585   Thumb Code    34  misc.o(.text)
    SysTick_CLKSourceConfig                  0x080005a7   Thumb Code    40  misc.o(.text)
    GPIO_DeInit                              0x080005e5   Thumb Code   172  stm32f10x_gpio.o(.text)
    GPIO_AFIODeInit                          0x08000691   Thumb Code    20  stm32f10x_gpio.o(.text)
    GPIO_Init                                0x080006a5   Thumb Code   278  stm32f10x_gpio.o(.text)
    GPIO_StructInit                          0x080007bb   Thumb Code    16  stm32f10x_gpio.o(.text)
    GPIO_ReadInputDataBit                    0x080007cb   Thumb Code    18  stm32f10x_gpio.o(.text)
    GPIO_ReadInputData                       0x080007dd   Thumb Code     8  stm32f10x_gpio.o(.text)
    GPIO_ReadOutputDataBit                   0x080007e5   Thumb Code    18  stm32f10x_gpio.o(.text)
    GPIO_ReadOutputData                      0x080007f7   Thumb Code     8  stm32f10x_gpio.o(.text)
    GPIO_SetBits                             0x080007ff   Thumb Code     4  stm32f10x_gpio.o(.text)
    GPIO_ResetBits                           0x08000803   Thumb Code     4  stm32f10x_gpio.o(.text)
    GPIO_WriteBit                            0x08000807   Thumb Code    10  stm32f10x_gpio.o(.text)
    GPIO_Write                               0x08000811   Thumb Code     4  stm32f10x_gpio.o(.text)
    GPIO_PinLockConfig                       0x08000815   Thumb Code    18  stm32f10x_gpio.o(.text)
    GPIO_EventOutputConfig                   0x08000827   Thumb Code    26  stm32f10x_gpio.o(.text)
    GPIO_EventOutputCmd                      0x08000841   Thumb Code     6  stm32f10x_gpio.o(.text)
    GPIO_PinRemapConfig                      0x08000847   Thumb Code   138  stm32f10x_gpio.o(.text)
    GPIO_EXTILineConfig                      0x080008d1   Thumb Code    66  stm32f10x_gpio.o(.text)
    GPIO_ETH_MediaInterfaceConfig            0x08000913   Thumb Code     8  stm32f10x_gpio.o(.text)
    I2C_DeInit                               0x08000941   Thumb Code    50  stm32f10x_i2c.o(.text)
    I2C_Init                                 0x08000973   Thumb Code   222  stm32f10x_i2c.o(.text)
    I2C_StructInit                           0x08000a51   Thumb Code    30  stm32f10x_i2c.o(.text)
    I2C_Cmd                                  0x08000a6f   Thumb Code    24  stm32f10x_i2c.o(.text)
    I2C_DMACmd                               0x08000a87   Thumb Code    24  stm32f10x_i2c.o(.text)
    I2C_DMALastTransferCmd                   0x08000a9f   Thumb Code    24  stm32f10x_i2c.o(.text)
    I2C_GenerateSTART                        0x08000ab7   Thumb Code    24  stm32f10x_i2c.o(.text)
    I2C_GenerateSTOP                         0x08000acf   Thumb Code    24  stm32f10x_i2c.o(.text)
    I2C_AcknowledgeConfig                    0x08000ae7   Thumb Code    24  stm32f10x_i2c.o(.text)
    I2C_OwnAddress2Config                    0x08000aff   Thumb Code    22  stm32f10x_i2c.o(.text)
    I2C_DualAddressCmd                       0x08000b15   Thumb Code    24  stm32f10x_i2c.o(.text)
    I2C_GeneralCallCmd                       0x08000b2d   Thumb Code    24  stm32f10x_i2c.o(.text)
    I2C_ITConfig                             0x08000b45   Thumb Code    18  stm32f10x_i2c.o(.text)
    I2C_SendData                             0x08000b57   Thumb Code     4  stm32f10x_i2c.o(.text)
    I2C_ReceiveData                          0x08000b5b   Thumb Code     8  stm32f10x_i2c.o(.text)
    I2C_Send7bitAddress                      0x08000b63   Thumb Code    18  stm32f10x_i2c.o(.text)
    I2C_ReadRegister                         0x08000b75   Thumb Code    22  stm32f10x_i2c.o(.text)
    I2C_SoftwareResetCmd                     0x08000b8b   Thumb Code    22  stm32f10x_i2c.o(.text)
    I2C_NACKPositionConfig                   0x08000ba1   Thumb Code    28  stm32f10x_i2c.o(.text)
    I2C_SMBusAlertConfig                     0x08000bbd   Thumb Code    28  stm32f10x_i2c.o(.text)
    I2C_TransmitPEC                          0x08000bd9   Thumb Code    24  stm32f10x_i2c.o(.text)
    I2C_PECPositionConfig                    0x08000bf1   Thumb Code    28  stm32f10x_i2c.o(.text)
    I2C_CalculatePEC                         0x08000c0d   Thumb Code    24  stm32f10x_i2c.o(.text)
    I2C_GetPEC                               0x08000c25   Thumb Code     8  stm32f10x_i2c.o(.text)
    I2C_ARPCmd                               0x08000c2d   Thumb Code    24  stm32f10x_i2c.o(.text)
    I2C_StretchClockCmd                      0x08000c45   Thumb Code    24  stm32f10x_i2c.o(.text)
    I2C_FastModeDutyCycleConfig              0x08000c5d   Thumb Code    28  stm32f10x_i2c.o(.text)
    I2C_CheckEvent                           0x08000c79   Thumb Code    42  stm32f10x_i2c.o(.text)
    I2C_GetLastEvent                         0x08000ca3   Thumb Code    26  stm32f10x_i2c.o(.text)
    I2C_GetFlagStatus                        0x08000cbd   Thumb Code    58  stm32f10x_i2c.o(.text)
    I2C_ClearFlag                            0x08000cf7   Thumb Code    12  stm32f10x_i2c.o(.text)
    I2C_GetITStatus                          0x08000d03   Thumb Code    54  stm32f10x_i2c.o(.text)
    I2C_ClearITPendingBit                    0x08000d39   Thumb Code    12  stm32f10x_i2c.o(.text)
    RCC_DeInit                               0x08000d45   Thumb Code    64  stm32f10x_rcc.o(.text)
    RCC_HSEConfig                            0x08000d85   Thumb Code    70  stm32f10x_rcc.o(.text)
    RCC_GetFlagStatus                        0x08000dcb   Thumb Code    56  stm32f10x_rcc.o(.text)
    RCC_WaitForHSEStartUp                    0x08000e03   Thumb Code    56  stm32f10x_rcc.o(.text)
    RCC_AdjustHSICalibrationValue            0x08000e3b   Thumb Code    20  stm32f10x_rcc.o(.text)
    RCC_HSICmd                               0x08000e4f   Thumb Code     6  stm32f10x_rcc.o(.text)
    RCC_PLLConfig                            0x08000e55   Thumb Code    24  stm32f10x_rcc.o(.text)
    RCC_PLLCmd                               0x08000e6d   Thumb Code     6  stm32f10x_rcc.o(.text)
    RCC_SYSCLKConfig                         0x08000e73   Thumb Code    18  stm32f10x_rcc.o(.text)
    RCC_GetSYSCLKSource                      0x08000e85   Thumb Code    10  stm32f10x_rcc.o(.text)
    RCC_HCLKConfig                           0x08000e8f   Thumb Code    18  stm32f10x_rcc.o(.text)
    RCC_PCLK1Config                          0x08000ea1   Thumb Code    18  stm32f10x_rcc.o(.text)
    RCC_PCLK2Config                          0x08000eb3   Thumb Code    20  stm32f10x_rcc.o(.text)
    RCC_ITConfig                             0x08000ec7   Thumb Code    26  stm32f10x_rcc.o(.text)
    RCC_USBCLKConfig                         0x08000ee1   Thumb Code     8  stm32f10x_rcc.o(.text)
    RCC_ADCCLKConfig                         0x08000ee9   Thumb Code    18  stm32f10x_rcc.o(.text)
    RCC_LSEConfig                            0x08000efb   Thumb Code    50  stm32f10x_rcc.o(.text)
    RCC_LSICmd                               0x08000f2d   Thumb Code     6  stm32f10x_rcc.o(.text)
    RCC_RTCCLKConfig                         0x08000f33   Thumb Code    12  stm32f10x_rcc.o(.text)
    RCC_RTCCLKCmd                            0x08000f3f   Thumb Code     8  stm32f10x_rcc.o(.text)
    RCC_GetClocksFreq                        0x08000f47   Thumb Code   192  stm32f10x_rcc.o(.text)
    RCC_AHBPeriphClockCmd                    0x08001007   Thumb Code    26  stm32f10x_rcc.o(.text)
    RCC_APB2PeriphClockCmd                   0x08001021   Thumb Code    26  stm32f10x_rcc.o(.text)
    RCC_APB1PeriphClockCmd                   0x0800103b   Thumb Code    26  stm32f10x_rcc.o(.text)
    RCC_APB2PeriphResetCmd                   0x08001055   Thumb Code    26  stm32f10x_rcc.o(.text)
    RCC_APB1PeriphResetCmd                   0x0800106f   Thumb Code    26  stm32f10x_rcc.o(.text)
    RCC_BackupResetCmd                       0x08001089   Thumb Code     8  stm32f10x_rcc.o(.text)
    RCC_ClockSecuritySystemCmd               0x08001091   Thumb Code     6  stm32f10x_rcc.o(.text)
    RCC_MCOConfig                            0x08001097   Thumb Code     6  stm32f10x_rcc.o(.text)
    RCC_ClearFlag                            0x0800109d   Thumb Code    14  stm32f10x_rcc.o(.text)
    RCC_GetITStatus                          0x080010ab   Thumb Code    20  stm32f10x_rcc.o(.text)
    RCC_ClearITPendingBit                    0x080010bf   Thumb Code     6  stm32f10x_rcc.o(.text)
    USART_DeInit                             0x080010f1   Thumb Code   134  stm32f10x_usart.o(.text)
    USART_Init                               0x08001177   Thumb Code   210  stm32f10x_usart.o(.text)
    USART_StructInit                         0x08001249   Thumb Code    24  stm32f10x_usart.o(.text)
    USART_ClockInit                          0x08001261   Thumb Code    34  stm32f10x_usart.o(.text)
    USART_ClockStructInit                    0x08001283   Thumb Code    12  stm32f10x_usart.o(.text)
    USART_Cmd                                0x0800128f   Thumb Code    24  stm32f10x_usart.o(.text)
    USART_ITConfig                           0x080012a7   Thumb Code    74  stm32f10x_usart.o(.text)
    USART_DMACmd                             0x080012f1   Thumb Code    18  stm32f10x_usart.o(.text)
    USART_SetAddress                         0x08001303   Thumb Code    18  stm32f10x_usart.o(.text)
    USART_WakeUpConfig                       0x08001315   Thumb Code    18  stm32f10x_usart.o(.text)
    USART_ReceiverWakeUpCmd                  0x08001327   Thumb Code    24  stm32f10x_usart.o(.text)
    USART_LINBreakDetectLengthConfig         0x0800133f   Thumb Code    18  stm32f10x_usart.o(.text)
    USART_LINCmd                             0x08001351   Thumb Code    24  stm32f10x_usart.o(.text)
    USART_SendData                           0x08001369   Thumb Code     8  stm32f10x_usart.o(.text)
    USART_ReceiveData                        0x08001371   Thumb Code    10  stm32f10x_usart.o(.text)
    USART_SendBreak                          0x0800137b   Thumb Code    10  stm32f10x_usart.o(.text)
    USART_SetGuardTime                       0x08001385   Thumb Code    16  stm32f10x_usart.o(.text)
    USART_SetPrescaler                       0x08001395   Thumb Code    16  stm32f10x_usart.o(.text)
    USART_SmartCardCmd                       0x080013a5   Thumb Code    24  stm32f10x_usart.o(.text)
    USART_SmartCardNACKCmd                   0x080013bd   Thumb Code    24  stm32f10x_usart.o(.text)
    USART_HalfDuplexCmd                      0x080013d5   Thumb Code    24  stm32f10x_usart.o(.text)
    USART_OverSampling8Cmd                   0x080013ed   Thumb Code    22  stm32f10x_usart.o(.text)
    USART_OneBitMethodCmd                    0x08001403   Thumb Code    24  stm32f10x_usart.o(.text)
    USART_IrDAConfig                         0x0800141b   Thumb Code    18  stm32f10x_usart.o(.text)
    USART_IrDACmd                            0x0800142d   Thumb Code    24  stm32f10x_usart.o(.text)
    USART_GetFlagStatus                      0x08001445   Thumb Code    26  stm32f10x_usart.o(.text)
    USART_ClearFlag                          0x0800145f   Thumb Code    18  stm32f10x_usart.o(.text)
    USART_GetITStatus                        0x08001471   Thumb Code    84  stm32f10x_usart.o(.text)
    USART_ClearITPendingBit                  0x080014c5   Thumb Code    52  stm32f10x_usart.o(.text)
    GPIO_I2C_Configuration                   0x080014f9   Thumb Code    68  hal_i2c.o(.text)
    I2C_Configuration                        0x0800153d   Thumb Code    88  hal_i2c.o(.text)
    Check_I2C_Device_Ready                   0x08001595   Thumb Code    12  hal_i2c.o(.text)
    Hal_I2C_Init                             0x080015a1   Thumb Code    30  hal_i2c.o(.text)
    Hal_I2C_ByteWrite                        0x080015bf   Thumb Code   148  hal_i2c.o(.text)
    Hal_I2C_ByteRead                         0x08001653   Thumb Code   196  hal_i2c.o(.text)
    Hal_I2C_MutiRead                         0x08001717   Thumb Code   212  hal_i2c.o(.text)
    USART1_Config                            0x08001819   Thumb Code   152  usart1.o(.text)
    usart1_write                             0x080018b1   Thumb Code    50  usart1.o(.text)
    fputc                                    0x080018e3   Thumb Code    32  usart1.o(.text)
    USART2_Config                            0x0800190d   Thumb Code   158  usart2.o(.text)
    USART2_Clear                             0x080019ab   Thumb Code    20  usart2.o(.text)
    USART2_Write                             0x080019bf   Thumb Code    58  usart2.o(.text)
    SendCmd                                  0x080019f9   Thumb Code    78  usart2.o(.text)
    USART2_GetRcvNum                         0x08001a47   Thumb Code     6  usart2.o(.text)
    USART2_GetRcvData                        0x08001a4d   Thumb Code    24  usart2.o(.text)
    HTTP_PostPkt                             0x08001a91   Thumb Code   166  http_demo.o(.text)
    hexdump                                  0x08001bb5   Thumb Code    46  utils.o(.text)
    prvucMBBIN2CHAR                          0x08001be3   Thumb Code    34  utils.o(.text)
    usMBCRC16                                0x08001c05   Thumb Code    48  utils.o(.text)
    mDelay                                   0x08001c35   Thumb Code    26  utils.o(.text)
    uDelay                                   0x08001c4f   Thumb Code    18  utils.o(.text)
    ESP8266_Init                             0x08001c75   Thumb Code   104  esp8266.o(.text)
    __aeabi_memcpy                           0x08001d81   Thumb Code    36  memcpya.o(.text)
    __aeabi_memcpy4                          0x08001d81   Thumb Code     0  memcpya.o(.text)
    __aeabi_memcpy8                          0x08001d81   Thumb Code     0  memcpya.o(.text)
    __aeabi_memset                           0x08001da5   Thumb Code    14  memseta.o(.text)
    __aeabi_memset4                          0x08001da5   Thumb Code     0  memseta.o(.text)
    __aeabi_memset8                          0x08001da5   Thumb Code     0  memseta.o(.text)
    __aeabi_memclr                           0x08001db3   Thumb Code     4  memseta.o(.text)
    __aeabi_memclr4                          0x08001db3   Thumb Code     0  memseta.o(.text)
    __aeabi_memclr8                          0x08001db3   Thumb Code     0  memseta.o(.text)
    _memset$wrapper                          0x08001db7   Thumb Code    18  memseta.o(.text)
    strcat                                   0x08001dc9   Thumb Code    24  strcat.o(.text)
    strstr                                   0x08001de1   Thumb Code    36  strstr.o(.text)
    strlen                                   0x08001e05   Thumb Code    14  strlen.o(.text)
    __aeabi_dadd                             0x08001e13   Thumb Code   322  dadd.o(.text)
    __aeabi_dsub                             0x08001f55   Thumb Code     6  dadd.o(.text)
    __aeabi_drsub                            0x08001f5b   Thumb Code     6  dadd.o(.text)
    __aeabi_dmul                             0x08001f61   Thumb Code   228  dmul.o(.text)
    __aeabi_uidiv                            0x08002045   Thumb Code     0  uidiv.o(.text)
    __aeabi_uidivmod                         0x08002045   Thumb Code    44  uidiv.o(.text)
    __aeabi_uldivmod                         0x08002071   Thumb Code    98  uldiv.o(.text)
    __aeabi_llsl                             0x080020d3   Thumb Code    30  llshl.o(.text)
    _ll_shift_l                              0x080020d3   Thumb Code     0  llshl.o(.text)
    __aeabi_lasr                             0x080020f1   Thumb Code    36  llsshr.o(.text)
    _ll_sshift_r                             0x080020f1   Thumb Code     0  llsshr.o(.text)
    __I$use$fp                               0x08002115   Thumb Code     0  iusefp.o(.text)
    _double_round                            0x08002115   Thumb Code    30  depilogue.o(.text)
    _double_epilogue                         0x08002133   Thumb Code   156  depilogue.o(.text)
    __aeabi_ddiv                             0x080021cf   Thumb Code   222  ddiv.o(.text)
    __aeabi_d2ulz                            0x080022ad   Thumb Code    48  dfixul.o(.text)
    __aeabi_cdrcmple                         0x080022dd   Thumb Code    48  cdrcmple.o(.text)
    __scatterload                            0x0800230d   Thumb Code    28  init.o(.text)
    __scatterload_rt2                        0x0800230d   Thumb Code     0  init.o(.text)
    __aeabi_llsr                             0x08002331   Thumb Code    32  llushr.o(.text)
    _ll_ushift_r                             0x08002331   Thumb Code     0  llushr.o(.text)
    __0printf                                0x08002351   Thumb Code    22  printfa.o(i.__0printf)
    __1printf                                0x08002351   Thumb Code     0  printfa.o(i.__0printf)
    __2printf                                0x08002351   Thumb Code     0  printfa.o(i.__0printf)
    __c89printf                              0x08002351   Thumb Code     0  printfa.o(i.__0printf)
    printf                                   0x08002351   Thumb Code     0  printfa.o(i.__0printf)
    __0sprintf                               0x08002371   Thumb Code    34  printfa.o(i.__0sprintf)
    __1sprintf                               0x08002371   Thumb Code     0  printfa.o(i.__0sprintf)
    __2sprintf                               0x08002371   Thumb Code     0  printfa.o(i.__0sprintf)
    __c89sprintf                             0x08002371   Thumb Code     0  printfa.o(i.__0sprintf)
    sprintf                                  0x08002371   Thumb Code     0  printfa.o(i.__0sprintf)
    __scatterload_copy                       0x08002399   Thumb Code    14  handlers.o(i.__scatterload_copy)
    __scatterload_null                       0x080023a7   Thumb Code     2  handlers.o(i.__scatterload_null)
    __scatterload_zeroinit                   0x080023a9   Thumb Code    14  handlers.o(i.__scatterload_zeroinit)
    Region$$Table$$Base                      0x08002efc   Number         0  anon$$obj.o(Region$$Table)
    Region$$Table$$Limit                     0x08002f1c   Number         0  anon$$obj.o(Region$$Table)
    SystemCoreClock                          0x20000000   Data           4  system_stm32f10x.o(.data)
    AHBPrescTable                            0x20000004   Data          16  system_stm32f10x.o(.data)
    gprs_ready_flag                          0x20000028   Data           1  usart2.o(.data)
    gprs_ready_count                         0x20000029   Data           1  usart2.o(.data)
    usart2_rcv_len                           0x2000002c   Data           4  usart2.o(.data)
    __stdout                                 0x20000030   Data           4  stdout.o(.data)
    usart2_rcv_buf                           0x20000034   Data        1024  usart2.o(.bss)
    __initial_sp                             0x20000838   Data           0  startup_stm32f10x_hd.o(STACK)



==============================================================================

Memory Map of the image

  Image Entry point : 0x08000131

  Load Region LR_IROM1 (Base: 0x08000000, Size: 0x00002f50, Max: 0x00080000, ABSOLUTE)

    Execution Region ER_IROM1 (Base: 0x08000000, Size: 0x00002f1c, Max: 0x00080000, ABSOLUTE)

    Base Addr    Size         Type   Attr      Idx    E Section Name        Object

    0x08000000   0x00000130   Data   RO          116    RESET               startup_stm32f10x_hd.o
    0x08000130   0x00000000   Code   RO          392  * .ARM.Collect$$$$00000000  mc_w.l(entry.o)
    0x08000130   0x00000004   Code   RO          682    .ARM.Collect$$$$00000001  mc_w.l(entry2.o)
    0x08000134   0x00000004   Code   RO          685    .ARM.Collect$$$$00000004  mc_w.l(entry5.o)
    0x08000138   0x00000000   Code   RO          687    .ARM.Collect$$$$00000008  mc_w.l(entry7b.o)
    0x08000138   0x00000000   Code   RO          689    .ARM.Collect$$$$0000000A  mc_w.l(entry8b.o)
    0x08000138   0x00000008   Code   RO          690    .ARM.Collect$$$$0000000B  mc_w.l(entry9a.o)
    0x08000140   0x00000000   Code   RO          692    .ARM.Collect$$$$0000000D  mc_w.l(entry10a.o)
    0x08000140   0x00000000   Code   RO          694    .ARM.Collect$$$$0000000F  mc_w.l(entry11a.o)
    0x08000140   0x00000004   Code   RO          683    .ARM.Collect$$$$00002712  mc_w.l(entry2.o)
    0x08000144   0x000001e8   Code   RO           17    .text               system_stm32f10x.o
    0x0800032c   0x00000024   Code   RO          117    .text               startup_stm32f10x_hd.o
    0x08000350   0x00000144   Code   RO          121    .text               main.o
    0x08000494   0x00000074   Code   RO          167    .text               stm32f10x_it.o
    0x08000508   0x000000dc   Code   RO          183    .text               misc.o
    0x080005e4   0x0000035c   Code   RO          219    .text               stm32f10x_gpio.o
    0x08000940   0x00000404   Code   RO          231    .text               stm32f10x_i2c.o
    0x08000d44   0x000003ac   Code   RO          243    .text               stm32f10x_rcc.o
    0x080010f0   0x00000408   Code   RO          257    .text               stm32f10x_usart.o
    0x080014f8   0x00000320   Code   RO          269    .text               hal_i2c.o
    0x08001818   0x000000f4   Code   RO          308    .text               usart1.o
    0x0800190c   0x00000184   Code   RO          327    .text               usart2.o
    0x08001a90   0x00000124   Code   RO          347    .text               http_demo.o
    0x08001bb4   0x000000c0   Code   RO          366    .text               utils.o
    0x08001c74   0x0000010c   Code   RO          380    .text               esp8266.o
    0x08001d80   0x00000024   Code   RO          395    .text               mc_w.l(memcpya.o)
    0x08001da4   0x00000024   Code   RO          397    .text               mc_w.l(memseta.o)
    0x08001dc8   0x00000018   Code   RO          399    .text               mc_w.l(strcat.o)
    0x08001de0   0x00000024   Code   RO          401    .text               mc_w.l(strstr.o)
    0x08001e04   0x0000000e   Code   RO          403    .text               mc_w.l(strlen.o)
    0x08001e12   0x0000014e   Code   RO          668    .text               mf_w.l(dadd.o)
    0x08001f60   0x000000e4   Code   RO          670    .text               mf_w.l(dmul.o)
    0x08002044   0x0000002c   Code   RO          697    .text               mc_w.l(uidiv.o)
    0x08002070   0x00000062   Code   RO          699    .text               mc_w.l(uldiv.o)
    0x080020d2   0x0000001e   Code   RO          701    .text               mc_w.l(llshl.o)
    0x080020f0   0x00000024   Code   RO          703    .text               mc_w.l(llsshr.o)
    0x08002114   0x00000000   Code   RO          705    .text               mc_w.l(iusefp.o)
    0x08002114   0x000000ba   Code   RO          708    .text               mf_w.l(depilogue.o)
    0x080021ce   0x000000de   Code   RO          710    .text               mf_w.l(ddiv.o)
    0x080022ac   0x00000030   Code   RO          712    .text               mf_w.l(dfixul.o)
    0x080022dc   0x00000030   Code   RO          714    .text               mf_w.l(cdrcmple.o)
    0x0800230c   0x00000024   Code   RO          716    .text               mc_w.l(init.o)
    0x08002330   0x00000020   Code   RO          718    .text               mc_w.l(llushr.o)
    0x08002350   0x00000020   Code   RO          640    i.__0printf         mc_w.l(printfa.o)
    0x08002370   0x00000028   Code   RO          642    i.__0sprintf        mc_w.l(printfa.o)
    0x08002398   0x0000000e   Code   RO          722    i.__scatterload_copy  mc_w.l(handlers.o)
    0x080023a6   0x00000002   Code   RO          723    i.__scatterload_null  mc_w.l(handlers.o)
    0x080023a8   0x0000000e   Code   RO          724    i.__scatterload_zeroinit  mc_w.l(handlers.o)
    0x080023b6   0x00000002   PAD
    0x080023b8   0x00000164   Code   RO          647    i._fp_digits        mc_w.l(printfa.o)
    0x0800251c   0x000006dc   Code   RO          648    i._printf_core      mc_w.l(printfa.o)
    0x08002bf8   0x00000024   Code   RO          649    i._printf_post_padding  mc_w.l(printfa.o)
    0x08002c1c   0x0000002e   Code   RO          650    i._printf_pre_padding  mc_w.l(printfa.o)
    0x08002c4a   0x0000000a   Code   RO          652    i._sputc            mc_w.l(printfa.o)
    0x08002c54   0x0000003b   Data   RO          270    .constdata          hal_i2c.o
    0x08002c8f   0x00000008   Data   RO          329    .constdata          usart2.o
    0x08002c97   0x00000200   Data   RO          367    .constdata          utils.o
    0x08002e97   0x00000001   PAD
    0x08002e98   0x00000062   Data   RO          271    .conststring        hal_i2c.o
    0x08002efa   0x00000002   PAD
    0x08002efc   0x00000020   Data   RO          720    Region$$Table       anon$$obj.o


    Execution Region RW_IRAM1 (Base: 0x20000000, Size: 0x00000838, Max: 0x00010000, ABSOLUTE)

    Base Addr    Size         Type   Attr      Idx    E Section Name        Object

    0x20000000   0x00000014   Data   RW           18    .data               system_stm32f10x.o
    0x20000014   0x00000014   Data   RW          244    .data               stm32f10x_rcc.o
    0x20000028   0x00000008   Data   RW          330    .data               usart2.o
    0x20000030   0x00000004   Data   RW          696    .data               mc_w.l(stdout.o)
    0x20000034   0x00000400   Zero   RW          328    .bss                usart2.o
    0x20000434   0x00000004   PAD
    0x20000438   0x00000400   Zero   RW          114    STACK               startup_stm32f10x_hd.o


==============================================================================

Image component sizes


      Code (inc. data)   RO Data    RW Data    ZI Data      Debug   Object Name

         0          0          0          0          0       4540   core_cm3.o
       268        164          0          0          0        539   esp8266.o
       800         46        157          0          0       3271   hal_i2c.o
       292        126          0          0          0        899   http_demo.o
       324        136          0          0          0       1983   main.o
       220         22          0          0          0       2001   misc.o
        36          8        304          0       1024        884   startup_stm32f10x_hd.o
       860         38          0          0          0       5933   stm32f10x_gpio.o
      1028         16          0          0          0       9423   stm32f10x_i2c.o
       116         14          0          0          0       1814   stm32f10x_it.o
       940         44          0         20          0       9176   stm32f10x_rcc.o
      1032         22          0          0          0       8656   stm32f10x_usart.o
       488         46          0         20          0     238443   system_stm32f10x.o
       244         10          0          0          0       1839   usart1.o
       388         44          8          8       1024       2994   usart2.o
       192         20        512          0          0       2294   utils.o

    ----------------------------------------------------------------------
      7228        756       1016         48       2052     294689   Object Totals
         0          0         32          0          0          0   (incl. Generated)
         0          0          3          0          4          0   (incl. Padding)

    ----------------------------------------------------------------------

      Code (inc. data)   RO Data    RW Data    ZI Data      Debug   Library Member Name

         0          0          0          0          0          0   entry.o
         0          0          0          0          0          0   entry10a.o
         0          0          0          0          0          0   entry11a.o
         8          4          0          0          0          0   entry2.o
         4          0          0          0          0          0   entry5.o
         0          0          0          0          0          0   entry7b.o
         0          0          0          0          0          0   entry8b.o
         8          4          0          0          0          0   entry9a.o
        30          0          0          0          0          0   handlers.o
        36          8          0          0          0         68   init.o
         0          0          0          0          0          0   iusefp.o
        30          0          0          0          0         68   llshl.o
        36          0          0          0          0         68   llsshr.o
        32          0          0          0          0         68   llushr.o
        36          0          0          0          0         68   memcpya.o
        36          0          0          0          0        108   memseta.o
      2276         96          0          0          0        596   printfa.o
         0          0          0          4          0          0   stdout.o
        24          0          0          0          0         68   strcat.o
        14          0          0          0          0         68   strlen.o
        36          0          0          0          0         80   strstr.o
        44          0          0          0          0         80   uidiv.o
        98          0          0          0          0         92   uldiv.o
        48          0          0          0          0         68   cdrcmple.o
       334          0          0          0          0        148   dadd.o
       222          0          0          0          0        100   ddiv.o
       186          0          0          0          0        176   depilogue.o
        48          0          0          0          0         68   dfixul.o
       228          0          0          0          0         96   dmul.o

    ----------------------------------------------------------------------
      3816        112          0          4          0       2088   Library Totals
         2          0          0          0          0          0   (incl. Padding)

    ----------------------------------------------------------------------

      Code (inc. data)   RO Data    RW Data    ZI Data      Debug   Library Name

      2748        112          0          4          0       1432   mc_w.l
      1066          0          0          0          0        656   mf_w.l

    ----------------------------------------------------------------------
      3816        112          0          4          0       2088   Library Totals

    ----------------------------------------------------------------------

==============================================================================


      Code (inc. data)   RO Data    RW Data    ZI Data      Debug   

     11044        868       1016         52       2052     294589   Grand Totals
     11044        868       1016         52       2052     294589   ELF Image Totals
     11044        868       1016         52          0          0   ROM Totals

==============================================================================

    Total RO  Size (Code + RO Data)                12060 (  11.78kB)
    Total RW  Size (RW Data + ZI Data)              2104 (   2.05kB)
    Total ROM Size (Code + RO Data + RW Data)      12112 (  11.83kB)

==============================================================================

